// Jest Snapshot v1, https://goo.gl/fbAQLP

exports[`it compresses code snippet 1`] = `"FASwtgDg9gTgLgAgEoFMCGBjOAaBBvBAYSkigDsUzEBfBAMxhIQHIZ0tmBuUU-BAZzgBPADYoAJvUZgWg0RIC0GEtApV-XYMGVlBCABLpxIMgHMEAXgHCx4gHQALAIwADYAgTKRsAFwI24twu3MAoAB7QfOIodGgAriKIGCJo_PwIADJQpiYI4XCU4unEpGqIeO7-hSgwABQAlPiVHmxwcTBkCAA8hmjGZgB8hiLeCADqsCLiXQD0vf2mA9we1MCrQA"`;
