// Jest Snapshot v1, https://goo.gl/fbAQLP

exports[`it contains a THEME object 1`] = `
Object {
  "dark": Object {
    "accent": "#92CDCF",
    "base": "#31353D",
    "baseSecondary": "#1C1D21",
    "danger": "#e67671",
    "text": "#ddd",
    "textSecondary": "#aaa",
  },
  "light": Object {
    "accent": "#4dabae",
    "base": "#EEEFF7",
    "baseSecondary": "#dddfef",
    "danger": "#de4d46",
    "text": "#1E1E20",
    "textSecondary": "#4f4f55",
  },
  "primary": "dark",
}
`;
